lynx19gw_as_torque_req_t.torque_set_point_left:
lynx19gw_as_torque_req_t.torque_set_point_right:
lynx19gw_as_dl_sensors_t.as_state:
lynx19gw_as_dl_sensors_t.steering_position:
lynx19gw_as_dl_sensors_t.rack_position:
lynx19gw_as_dl_sensors_t.pressure_ebs_act:
lynx19gw_as_dl_sensors_t.pressure_ebs_line:
lynx19gw_as_dl_sensors_t.pressure_service:
lynx19gw_as_dl_sensors_t.pressure_regulator:
lynx19gw_as_dl_sensors_t.as_rtd:
lynx19gw_nr_dl_sensors_4_new_t.dummy:
lynx19gw_nr_dl_tv_out_3_new_t.dummy:
lynx19gw_dl_as_status_t.as_mission:opendlv.proxy.AsStatus.asMission
lynx19gw_dl_as_status_t.brake_front:
lynx19gw_dl_as_status_t.brake_rear:
lynx19gw_dl_as_status_t.dl_status:
lynx19gw_dl_as_status_t.acc_so_c:
lynx19gw_nr_dl_tv_out_2_t.tv_out_mu:
lynx19gw_nr_dl_tv_out_2_t.tv_out_sw_ang:
lynx19gw_nr_dl_tv_out_2_t.tv_out_tv_l_act:
lynx19gw_nr_dl_tv_out_2_t.tv_out_tv_r_act:
lynx19gw_nr_dl_tv_out_2_t.tv_out_yaw_rate_ref:
lynx19gw_nr_dl_tv_out_2_t.tv_out_yrc_act:
lynx19gw_nr_dl_tv_out_1_t.tv_out_fz_rl:
lynx19gw_nr_dl_tv_out_1_t.tv_out_fz_rr:
lynx19gw_nr_dl_tv_out_1_t.tv_out_mz_req:
lynx19gw_nr_dl_tv_out_1_t.tv_out_velocity:
lynx19gw_dl_nr_tv_conf_2_t.tv_lltd_ay_scaling:
lynx19gw_dl_nr_tv_conf_2_t.tv_tc_delta_th:
lynx19gw_dl_nr_tv_conf_2_t.tv_tc_kgain:
lynx19gw_dl_nr_tv_conf_2_t.tv_yrc_kbias:
lynx19gw_dl_nr_tv_conf_2_t.tv_yrc_os_agr:
lynx19gw_dl_nr_tv_conf_2_t.tv_tv_mode:
lynx19gw_dl_nr_tv_conf_2_t.tv_switches:
lynx19gw_dl_nr_tv_conf_1_t.tv_ku_stat:
lynx19gw_dl_nr_tv_conf_1_t.tv_pid_kp_scale:
lynx19gw_dl_nr_tv_conf_1_t.tv_pid_kd_scale:
lynx19gw_dl_nr_tv_conf_1_t.tv_pid_tt_scale:
lynx19gw_per_pdo_1_tx_t.drive_engaged_right:
lynx19gw_per_pdo_1_tx_t.torque_estimate_right:
lynx19gw_per_pdo_1_tx_t.speed_estimate_right:
lynx19gw_per_pdo_1_tx_t.errors_right:
lynx19gw_per_pdo_2_tx_t.measured_udc_right:
lynx19gw_per_pdo_2_tx_t.power_estimate_right:
lynx19gw_per_pdo_2_tx_t.temperature_windings_right:
lynx19gw_per_pdo_2_tx_t.temperature_inverter_right:
lynx19gw_pel_pdo_2_tx_t.power_estimate_left:
lynx19gw_pel_pdo_2_tx_t.measured_udc_left:
lynx19gw_pel_pdo_2_tx_t.temperature_windings_left:
lynx19gw_pel_pdo_2_tx_t.temperature_inverter_left:
lynx19gw_pel_pdo_1_tx_t.drive_engaged_left:
lynx19gw_pel_pdo_1_tx_t.torque_estimate_left:
lynx19gw_pel_pdo_1_tx_t.speed_estimate_left:
lynx19gw_pel_pdo_1_tx_t.errors_left:
lynx19gw_nr_per_pdo_2_rx_t.enable_drive_right:
lynx19gw_nr_per_pdo_2_rx_t.torque_set_point_right:
lynx19gw_nr_per_pdo_2_rx_t.speed_limit_right:
lynx19gw_nr_per_pdo_2_rx_t.error_reset_right:
lynx19gw_nr_pel_pdo_2_rx_t.enable_drive_left:
lynx19gw_nr_pel_pdo_2_rx_t.torque_set_point_left:
lynx19gw_nr_pel_pdo_2_rx_t.speed_limit_left:
lynx19gw_nr_pel_pdo_2_rx_t.error_reset_left:
lynx19gw_nr_per_pdo_1_rx_t.enable_drive_right:
lynx19gw_nr_per_pdo_1_rx_t.torque_set_point_right:
lynx19gw_nr_per_pdo_1_rx_t.speed_limit_right:
lynx19gw_nr_per_pdo_1_rx_t.error_reset_right:
lynx19gw_client_bms_data_t.enable_communication:
lynx19gw_client_bms_data_t.trigger_imd:
lynx19gw_client_bms_data_t.trigger_bms:
lynx19gw_client_bms_data_t.bms_reset:
lynx19gw_client_bms_data_t.bms_discharge:
lynx19gw_client_bms_data_t.bms_discharge_threshold:
lynx19gw_bms_client_cell_temperatures_t.bms_temparature_payload_id:
lynx19gw_bms_client_cell_temperatures_t.bms_temparature_payload_1:
lynx19gw_bms_client_cell_temperatures_t.bms_temparature_payload_2:
lynx19gw_bms_client_cell_temperatures_t.bms_temparature_payload_3:
lynx19gw_bms_client_cell_voltages_t.bms_voltage_payload_id:
lynx19gw_bms_client_cell_voltages_t.bms_voltage_payload_1:
lynx19gw_bms_client_cell_voltages_t.bms_voltage_payload_2:
lynx19gw_bms_client_cell_voltages_t.bms_voltage_payload_3:
lynx19gw_nf_dl_buttons_rtd_t.buttons:
lynx19gw_nf_dl_buttons_rtd_t.knob_l:
lynx19gw_nf_dl_buttons_rtd_t.knob_r:
lynx19gw_nf_dl_buttons_rtd_t.redy_to_drive:
lynx19gw_datalogger_config_t.config_id:
lynx19gw_datalogger_config_t.config_payload_1:
lynx19gw_datalogger_config_t.config_payload_2:
lynx19gw_datalogger_config_t.config_payload_3:
lynx19gw_bms_dl_hartbeat_t.bms_status:
lynx19gw_nr_dl_hartbeat_t.node_2_status:
lynx19gw_nf_dl_hartbeat_t.node_1_status:
lynx19gw_bms_dl_data_t.accumulator_current:
lynx19gw_bms_dl_data_t.accumulator_voltage:
lynx19gw_bms_dl_data_t.accumulator_so_c:
lynx19gw_bms_dl_data_t.accumulator_temp:
lynx19gw_nr_pel_pdo_1_rx_t.enable_drive_left:
lynx19gw_nr_pel_pdo_1_rx_t.torque_set_point_left:
lynx19gw_nr_pel_pdo_1_rx_t.speed_limit_left:
lynx19gw_nr_pel_pdo_1_rx_t.error_reset_left:
lynx19gw_nr_dl_sensors_3_t.acceleration_x:
lynx19gw_nr_dl_sensors_3_t.acceleration_y:
lynx19gw_nr_dl_sensors_3_t.water_temp_1:
lynx19gw_nr_dl_sensors_3_t.water_temp_2:
lynx19gw_nr_dl_sensors_3_t.water_temp_3:
lynx19gw_nr_dl_sensors_2_t.rotor_ambient_temp_l:
lynx19gw_nr_dl_sensors_2_t.rotor_ambient_temp_r:
lynx19gw_nr_dl_sensors_2_t.rotor_object_temp_l:
lynx19gw_nr_dl_sensors_2_t.rotor_object_temp_r:
lynx19gw_nr_dl_sensors_2_t.gear_box_temp_l:
lynx19gw_nr_dl_sensors_2_t.gear_box_temp_r:
lynx19gw_nr_dl_sensors_2_t.yaw:
lynx19gw_nr_dl_sensors_1_t.damper_rl:
lynx19gw_nr_dl_sensors_1_t.damper_rr:
lynx19gw_nr_dl_sensors_1_t.wheel_speed_rl:
lynx19gw_nr_dl_sensors_1_t.wheel_speed_rr:
lynx19gw_nf_nr_sensors_1_t.disk_temp_fl:
lynx19gw_nf_nr_sensors_1_t.disk_temp_fr:
lynx19gw_nf_nr_sensors_1_t.brake:
lynx19gw_nf_nr_sensors_1_t.steering_angle:
lynx19gw_nf_nr_sensors_1_t.throttle:opendlv.proxy.TorqueReading.torque
lynx19gw_nf_nr_sensors_2_t.wheel_speed_fl:
lynx19gw_nf_nr_sensors_2_t.wheel_speed_fr:
lynx19gw_nf_nr_sensors_2_t.damper_fl:
lynx19gw_nf_nr_sensors_2_t.damper_fr: