lynxres19gw_pdo_res_status_t.res_buttons:opendlv.proxyCANReading.RESStatus.resButtons
lynxres19gw_pdo_res_status_t.res_e_stop:opendlv.proxyCANReading.RESStatus.resEStop
lynxres19gw_pdo_res_status_t.res_quality:opendlv.proxyCANReading.RESStatus.resQuality
lynxres19gw_pdo_res_status_t.res_status:opendlv.proxyCANReading.RESStatus.resStatus
lynxres19gw_nmt_node_control_t.node_state:opendlv.proxyCANWriting.NMT.nodeState
lynxres19gw_nmt_node_control_t.node_id:opendlv.proxyCANWriting.NMT.nodeId
lynxres19gw_as_ebs_supervision_t.as_do_ebs_heartbeat:
lynxres19gw_as_ebs_supervision_t.as_pr_ebs_act:
lynxres19gw_as_ebs_supervision_t.as_pr_ebs_line:
lynxres19gw_as_ebs_supervision_t.as_pr_service:
lynxres19gw_as_ebs_supervision_t.as_pr_regulator:
lynxres19gw_as_ebs_supervision_t.as_pr_front_hydr:
lynxres19gw_as_ebs_supervision_t.as_pr_rear_hydr:
lynxres19gw_dv_system_status_t.assi_state:
lynxres19gw_dv_system_status_t.ebs_state:
lynxres19gw_dv_system_status_t.ami_state:
lynxres19gw_dv_system_status_t.steering_state:
lynxres19gw_dv_system_status_t.service_brake_state:
lynxres19gw_dv_system_status_t.lap_counter:
lynxres19gw_dv_system_status_t.cones_count_actual:
lynxres19gw_dv_system_status_t.cones_count_all:
lynxres19gw_dv_driving_dynamics_2_t.acceleration_longitudinal:
lynxres19gw_dv_driving_dynamics_2_t.acceleration_lateral:
lynxres19gw_dv_driving_dynamics_2_t.yaw_rate:
lynxres19gw_dv_driving_dynamics_1_t.speed_actual:
lynxres19gw_dv_driving_dynamics_1_t.speed_target:
lynxres19gw_dv_driving_dynamics_1_t.steering_angle_actual:
lynxres19gw_dv_driving_dynamics_1_t.steering_angle_target:
lynxres19gw_dv_driving_dynamics_1_t.brake_hydr_actual:
lynxres19gw_dv_driving_dynamics_1_t.brake_hydr_target:
lynxres19gw_dv_driving_dynamics_1_t.motor_moment_actual:
lynxres19gw_dv_driving_dynamics_1_t.motor_moment_target:
